<html>
<body>
<pre>
<h1>µVision Build Log</h1>
<h2>Project:</h2>
C:\Users\amir\Desktop\עמיר עבודות\שנה ד סמסטר א\פרויקט\Nuvoton\NUC140BSP\NuvotonPlatform_Keil\Sample\EduSampleCode\Smpl_UART0_HC05\Smpl_UART0_HC05.uvproj
Project File Date:  08/25/2014

<h2>Output:</h2>
Build target 'Smpl_UART0_HC05'
linking...
Program Size: Code=6604 RO-data=240 RW-data=1604 ZI-data=1148  
User command #1: fromelf --bin ".\obj\Smpl_UART0_HC05.axf" --output ".\obj\Smpl_UART0_HC05.bin"
User command #2: fromelf --text -c ".\obj\Smpl_UART0_HC05.axf" --output ".\obj\Smpl_UART0_HC05.txt"
".\obj\Smpl_UART0_HC05.axf" - 0 Error(s), 0 Warning(s).
Load "C:\\Users\\amir\\Desktop\\עמיר עבודות\\שנה ד סמסטר א\\פרויקט\\Nuvoton\\NUC140BSP\\NuvotonPlatform_Keil\\Sample\\EduSampleCode\\Smpl_UART0_HC05\\obj\\Smpl_UART0_HC05.AXF" 
Rebuild target 'Smpl_UART0_HC05'
creating preprocessor file for core_cm0.c...
compiling core_cm0.c...
creating preprocessor file for system_NUC1xx.c...
compiling system_NUC1xx.c...
assembling startup_NUC1xx.s...
creating preprocessor file for LCD_Driver.c...
compiling LCD_Driver.c...
creating preprocessor file for Ascii_Table.C...
compiling Ascii_Table.C...
creating preprocessor file for Smpl_UART0_HC05.c...
compiling Smpl_UART0_HC05.c...
Smpl_UART0_HC05.c(96): warning:  #167-D: argument of type "void (*)(void)" is incompatible with parameter of type "PFN_DRVUART_CALLBACK *"
creating preprocessor file for DrvSYS.c...
compiling DrvSYS.c...
creating preprocessor file for DrvUART.c...
compiling DrvUART.c...
creating preprocessor file for DrvGPIO.c...
compiling DrvGPIO.c...
linking...
Program Size: Code=6604 RO-data=240 RW-data=1604 ZI-data=1148  
User command #1: fromelf --bin ".\obj\Smpl_UART0_HC05.axf" --output ".\obj\Smpl_UART0_HC05.bin"
User command #2: fromelf --text -c ".\obj\Smpl_UART0_HC05.axf" --output ".\obj\Smpl_UART0_HC05.txt"
".\obj\Smpl_UART0_HC05.axf" - 0 Error(s), 1 Warning(s).
Load "C:\\Users\\amir\\Desktop\\עמיר עבודות\\שנה ד סמסטר א\\פרויקט\\Nuvoton\\NUC140BSP\\NuvotonPlatform_Keil\\Sample\\EduSampleCode\\Smpl_UART0_HC05\\obj\\Smpl_UART0_HC05.AXF" 
Build target 'Smpl_UART0_HC05'
linking...
Program Size: Code=6604 RO-data=240 RW-data=1604 ZI-data=1148  
User command #1: fromelf --bin ".\obj\Smpl_UART0_HC05.axf" --output ".\obj\Smpl_UART0_HC05.bin"
User command #2: fromelf --text -c ".\obj\Smpl_UART0_HC05.axf" --output ".\obj\Smpl_UART0_HC05.txt"
".\obj\Smpl_UART0_HC05.axf" - 0 Error(s), 0 Warning(s).
Rebuild target 'Smpl_UART0_HC05'
creating preprocessor file for core_cm0.c...
compiling core_cm0.c...
creating preprocessor file for system_NUC1xx.c...
compiling system_NUC1xx.c...
assembling startup_NUC1xx.s...
creating preprocessor file for LCD_Driver.c...
compiling LCD_Driver.c...
creating preprocessor file for Ascii_Table.C...
compiling Ascii_Table.C...
creating preprocessor file for Smpl_UART0_HC05.c...
compiling Smpl_UART0_HC05.c...
Smpl_UART0_HC05.c(96): warning:  #167-D: argument of type "void (*)(void)" is incompatible with parameter of type "PFN_DRVUART_CALLBACK *"
creating preprocessor file for DrvSYS.c...
compiling DrvSYS.c...
creating preprocessor file for DrvUART.c...
compiling DrvUART.c...
creating preprocessor file for DrvGPIO.c...
compiling DrvGPIO.c...
linking...
Program Size: Code=6604 RO-data=240 RW-data=1604 ZI-data=1148  
User command #1: fromelf --bin ".\obj\Smpl_UART0_HC05.axf" --output ".\obj\Smpl_UART0_HC05.bin"
User command #2: fromelf --text -c ".\obj\Smpl_UART0_HC05.axf" --output ".\obj\Smpl_UART0_HC05.txt"
".\obj\Smpl_UART0_HC05.axf" - 0 Error(s), 1 Warning(s).
Rebuild target 'Smpl_UART0_HC05'
creating preprocessor file for core_cm0.c...
compiling core_cm0.c...
creating preprocessor file for system_NUC1xx.c...
compiling system_NUC1xx.c...
assembling startup_NUC1xx.s...
creating preprocessor file for LCD_Driver.c...
compiling LCD_Driver.c...
creating preprocessor file for Ascii_Table.C...
compiling Ascii_Table.C...
creating preprocessor file for Smpl_UART0_HC05.c...
compiling Smpl_UART0_HC05.c...
Smpl_UART0_HC05.c(96): warning:  #167-D: argument of type "void (*)(void)" is incompatible with parameter of type "PFN_DRVUART_CALLBACK *"
creating preprocessor file for DrvSYS.c...
compiling DrvSYS.c...
creating preprocessor file for DrvUART.c...
compiling DrvUART.c...
creating preprocessor file for DrvGPIO.c...
compiling DrvGPIO.c...
linking...
Program Size: Code=6604 RO-data=240 RW-data=1604 ZI-data=1148  
User command #1: fromelf --bin ".\obj\Smpl_UART0_HC05.axf" --output ".\obj\Smpl_UART0_HC05.bin"
User command #2: fromelf --text -c ".\obj\Smpl_UART0_HC05.axf" --output ".\obj\Smpl_UART0_HC05.txt"
".\obj\Smpl_UART0_HC05.axf" - 0 Error(s), 1 Warning(s).
Build target 'Smpl_UART0_HC05'
linking...
Program Size: Code=6604 RO-data=240 RW-data=1604 ZI-data=1148  
User command #1: fromelf --bin ".\obj\Smpl_UART0_HC05.axf" --output ".\obj\Smpl_UART0_HC05.bin"
User command #2: fromelf --text -c ".\obj\Smpl_UART0_HC05.axf" --output ".\obj\Smpl_UART0_HC05.txt"
".\obj\Smpl_UART0_HC05.axf" - 0 Error(s), 0 Warning(s).
Load "C:\\Users\\amir\\Desktop\\עמיר עבודות\\שנה ד סמסטר א\\פרויקט\\Nuvoton\\NUC140BSP\\NuvotonPlatform_Keil\\Sample\\EduSampleCode\\Smpl_UART0_HC05\\obj\\Smpl_UART0_HC05.AXF" 
