ARM Linker, 5.03 [Build 76] [MDK-ARM Lite]

==============================================================================

Small function inlining results

Inlined function __aeabi_idiv0 from aeabi_idiv0.o at offset 0x154 in aeabi_sdiv.o(.text).
Inlined Instruction: BX       lr
Inlined function __aeabi_idiv0 from aeabi_idiv0.o at offset 0x154 in aeabi_sdiv_div0.o(.text).
Inlined Instruction: BX       lr
Inlined function _platform_pre_stackheap_init from boardinit1.o at offset 0x0 in rtentry2.o(.ARM.Collect$$rtentry$$00000001).
Inlined Instruction: BX       lr
Inlined function _fp_init from fpinit.o at offset 0x0 in libinit2.o(.ARM.Collect$$libinit$$00000001).
Inlined Instruction: BX       lr
Inlined function _platform_pre_lib_shutdown from boardshut.o at offset 0x0 in rtexit2.o(.ARM.Collect$$rtexit$$00000001).
Inlined Instruction: BX       lr
Inlined function __ARM_get_argv from no_argv.o at offset 0x2 in argv_veneer.o(.text).
Inlined Instruction: BX       lr
Inlined total of 6 calls.

==============================================================================

Memory Map of the image

  Image Entry point : 0x00000189

  Load Region LR_1 (Base: 0x00000000, Size: 0x0000296c, Max: 0xffffffff, ABSOLUTE)

    Execution Region ER_RO (Base: 0x00000000, Size: 0x000028bc, Max: 0xffffffff, ABSOLUTE)

    Base Addr    Size         Type   Attr      Idx    E Section Name        Object

    0x00000000   0x000000c0   Data   RO           55    RESET               startup_nuc1xx.o
    0x000000c0   0x00000008   Code   RO          999  * !!!main             c_p.l(__main.o)
    0x000000c8   0x0000003c   Code   RO         1199    !!!scatter          c_p.l(__scatter.o)
    0x00000104   0x0000001a   Code   RO         1201    !!handler_copy      c_p.l(__scatter_copy.o)
    0x0000011e   0x00000002   PAD
    0x00000120   0x0000001c   Code   RO         1203    !!handler_zi        c_p.l(__scatter_zi.o)
    0x0000013c   0x00000002   Code   RO          984    .ARM.Collect$$_printf_percent$$00000000  c_p.l(_printf_percent.o)
    0x0000013e   0x0000000a   Code   RO          983    .ARM.Collect$$_printf_percent$$00000014  c_p.l(_printf_s.o)
    0x00000148   0x00000004   Code   RO         1017    .ARM.Collect$$_printf_percent$$00000017  c_p.l(_printf_percent_end.o)
    0x0000014c   0x00000002   Code   RO         1072    .ARM.Collect$$libinit$$00000000  c_p.l(libinit.o)
    0x0000014e   0x00000004   Code   RO         1084    .ARM.Collect$$libinit$$00000001  c_p.l(libinit2.o)
    0x00000152   0x00000000   Code   RO         1088    .ARM.Collect$$libinit$$00000008  c_p.l(libinit2.o)
    0x00000152   0x00000000   Code   RO         1090    .ARM.Collect$$libinit$$0000000A  c_p.l(libinit2.o)
    0x00000152   0x00000000   Code   RO         1092    .ARM.Collect$$libinit$$0000000C  c_p.l(libinit2.o)
    0x00000152   0x00000006   Code   RO         1093    .ARM.Collect$$libinit$$0000000D  c_p.l(libinit2.o)
    0x00000158   0x00000000   Code   RO         1095    .ARM.Collect$$libinit$$0000000F  c_p.l(libinit2.o)
    0x00000158   0x0000000c   Code   RO         1096    .ARM.Collect$$libinit$$00000010  c_p.l(libinit2.o)
    0x00000164   0x00000000   Code   RO         1097    .ARM.Collect$$libinit$$00000011  c_p.l(libinit2.o)
    0x00000164   0x00000000   Code   RO         1099    .ARM.Collect$$libinit$$00000013  c_p.l(libinit2.o)
    0x00000164   0x00000000   Code   RO         1101    .ARM.Collect$$libinit$$00000015  c_p.l(libinit2.o)
    0x00000164   0x00000000   Code   RO         1103    .ARM.Collect$$libinit$$00000017  c_p.l(libinit2.o)
    0x00000164   0x00000000   Code   RO         1105    .ARM.Collect$$libinit$$00000019  c_p.l(libinit2.o)
    0x00000164   0x00000000   Code   RO         1107    .ARM.Collect$$libinit$$0000001B  c_p.l(libinit2.o)
    0x00000164   0x00000000   Code   RO         1109    .ARM.Collect$$libinit$$0000001D  c_p.l(libinit2.o)
    0x00000164   0x00000000   Code   RO         1111    .ARM.Collect$$libinit$$0000001F  c_p.l(libinit2.o)
    0x00000164   0x00000000   Code   RO         1113    .ARM.Collect$$libinit$$00000021  c_p.l(libinit2.o)
    0x00000164   0x00000000   Code   RO         1115    .ARM.Collect$$libinit$$00000023  c_p.l(libinit2.o)
    0x00000164   0x00000000   Code   RO         1119    .ARM.Collect$$libinit$$0000002A  c_p.l(libinit2.o)
    0x00000164   0x00000000   Code   RO         1121    .ARM.Collect$$libinit$$0000002C  c_p.l(libinit2.o)
    0x00000164   0x00000000   Code   RO         1123    .ARM.Collect$$libinit$$0000002E  c_p.l(libinit2.o)
    0x00000164   0x00000000   Code   RO         1125    .ARM.Collect$$libinit$$00000030  c_p.l(libinit2.o)
    0x00000164   0x00000002   Code   RO         1126    .ARM.Collect$$libinit$$00000031  c_p.l(libinit2.o)
    0x00000166   0x00000002   Code   RO         1157    .ARM.Collect$$libshutdown$$00000000  c_p.l(libshutdown.o)
    0x00000168   0x00000000   Code   RO         1184    .ARM.Collect$$libshutdown$$00000003  c_p.l(libshutdown2.o)
    0x00000168   0x00000000   Code   RO         1187    .ARM.Collect$$libshutdown$$00000006  c_p.l(libshutdown2.o)
    0x00000168   0x00000000   Code   RO         1190    .ARM.Collect$$libshutdown$$00000009  c_p.l(libshutdown2.o)
    0x00000168   0x00000000   Code   RO         1192    .ARM.Collect$$libshutdown$$0000000B  c_p.l(libshutdown2.o)
    0x00000168   0x00000000   Code   RO         1195    .ARM.Collect$$libshutdown$$0000000E  c_p.l(libshutdown2.o)
    0x00000168   0x00000002   Code   RO         1196    .ARM.Collect$$libshutdown$$0000000F  c_p.l(libshutdown2.o)
    0x0000016a   0x00000000   Code   RO         1001    .ARM.Collect$$rtentry$$00000000  c_p.l(rtentry.o)
    0x0000016a   0x00000000   Code   RO         1026    .ARM.Collect$$rtentry$$00000002  c_p.l(rtentry2.o)
    0x0000016a   0x00000006   Code   RO         1038    .ARM.Collect$$rtentry$$00000004  c_p.l(rtentry4.o)
    0x00000170   0x00000000   Code   RO         1028    .ARM.Collect$$rtentry$$00000009  c_p.l(rtentry2.o)
    0x00000170   0x00000004   Code   RO         1029    .ARM.Collect$$rtentry$$0000000A  c_p.l(rtentry2.o)
    0x00000174   0x00000000   Code   RO         1031    .ARM.Collect$$rtentry$$0000000C  c_p.l(rtentry2.o)
    0x00000174   0x00000008   Code   RO         1032    .ARM.Collect$$rtentry$$0000000D  c_p.l(rtentry2.o)
    0x0000017c   0x00000002   Code   RO         1074    .ARM.Collect$$rtexit$$00000000  c_p.l(rtexit.o)
    0x0000017e   0x00000000   Code   RO         1130    .ARM.Collect$$rtexit$$00000002  c_p.l(rtexit2.o)
    0x0000017e   0x00000004   Code   RO         1131    .ARM.Collect$$rtexit$$00000003  c_p.l(rtexit2.o)
    0x00000182   0x00000006   Code   RO         1132    .ARM.Collect$$rtexit$$00000004  c_p.l(rtexit2.o)
    0x00000188   0x00000064   Code   RO           56  * .text               startup_nuc1xx.o
    0x000001ec   0x00000028   Code   RO          957    .text               c_p.l(noretval__2sprintf.o)
    0x00000214   0x0000006c   Code   RO          959    .text               c_p.l(__printf.o)
    0x00000280   0x00000052   Code   RO          961    .text               c_p.l(_printf_str.o)
    0x000002d2   0x0000001a   Code   RO          985    .text               c_p.l(atoi.o)
    0x000002ec   0x00000044   Code   RO          987    .text               c_p.l(strlen.o)
    0x00000330   0x000000a0   Code   RO          989    .text               c_p.l(strncmp.o)
    0x000003d0   0x0000006c   Code   RO          991    .text               c_p.l(strncpy.o)
    0x0000043c   0x0000015a   Code   RO          993    .text               c_p.l(aeabi_sdiv.o)
    0x00000596   0x00000006   Code   RO          997    .text               c_p.l(heapauxi.o)
    0x0000059c   0x00000008   Code   RO         1009    .text               c_p.l(rt_errno_addr_intlibspace.o)
    0x000005a4   0x00000030   Code   RO         1011    .text               c_p.l(_printf_char_common.o)
    0x000005d4   0x0000000a   Code   RO         1013    .text               c_p.l(_sputc.o)
    0x000005de   0x0000002e   Code   RO         1015    .text               c_p.l(_printf_char.o)
    0x0000060c   0x00000070   Code   RO         1018    .text               c_p.l(strtol.o)
    0x0000067c   0x00000040   Code   RO         1020    .text               c_p.l(rt_memclr.o)
    0x000006bc   0x00000008   Code   RO         1022    .text               c_p.l(libspace.o)
    0x000006c4   0x00000010   Code   RO         1040    .text               c_p.l(rt_ctype_table.o)
    0x000006d4   0x000000a6   Code   RO         1046    .text               c_p.l(_strtoul.o)
    0x0000077a   0x0000003e   Code   RO         1048    .text               c_p.l(sys_stackheap_outer.o)
    0x000007b8   0x00000008   Code   RO         1054    .text               c_p.l(rt_locale_intlibspace.o)
    0x000007c0   0x0000001e   Code   RO         1056    .text               c_p.l(_chval.o)
    0x000007de   0x0000000c   Code   RO         1061    .text               c_p.l(exit.o)
    0x000007ea   0x00000002   PAD
    0x000007ec   0x00000088   Code   RO         1082    .text               c_p.l(strcmp.o)
    0x00000874   0x0000000c   Code   RO         1127    .text               c_p.l(sys_exit.o)
    0x00000880   0x00000002   Code   RO         1146    .text               c_p.l(use_no_semi.o)
    0x00000882   0x00000000   Code   RO         1148    .text               c_p.l(indicate_semi.o)
    0x00000882   0x00000002   PAD
    0x00000884   0x00000028   Code   RO          268    i.BOD_IRQHandler    drvsys.o
    0x000008ac   0x00000024   Code   RO          147    i.Backward          smpl_uart0_hc05.o
    0x000008d0   0x000000d4   Code   RO          574    i.BaudRateCalculator  drvuart.o
    0x000009a4   0x0000002c   Code   RO          720    i.DrvGPIO_ClrBit    drvgpio.o
    0x000009d0   0x00000758   Code   RO          742    i.DrvGPIO_InitFunction  drvgpio.o
    0x00001128   0x00000088   Code   RO          743    i.DrvGPIO_Open      drvgpio.o
    0x000011b0   0x0000002c   Code   RO          744    i.DrvGPIO_SetBit    drvgpio.o
    0x000011dc   0x0000002c   Code   RO          271    i.DrvSYS_Delay      drvsys.o
    0x00001208   0x00000008   Code   RO          286    i.DrvSYS_GetExtClockFreq  drvsys.o
    0x00001210   0x00000074   Code   RO          288    i.DrvSYS_GetPLLClockFreq  drvsys.o
    0x00001284   0x000000c0   Code   RO          289    i.DrvSYS_GetPLLContent  drvsys.o
    0x00001344   0x00000010   Code   RO          292    i.DrvSYS_IsProtectedRegLocked  drvsys.o
    0x00001354   0x000000bc   Code   RO          294    i.DrvSYS_Open       drvsys.o
    0x00001410   0x00000038   Code   RO          300    i.DrvSYS_SelectHCLKSource  drvsys.o
    0x00001448   0x0000004c   Code   RO          309    i.DrvSYS_SetPLLContent  drvsys.o
    0x00001494   0x00000100   Code   RO          579    i.DrvUART_EnableInt  drvuart.o
    0x00001594   0x00000264   Code   RO          584    i.DrvUART_Open      drvuart.o
    0x000017f8   0x00000040   Code   RO          590    i.DrvUART_Write     drvuart.o
    0x00001838   0x00000024   Code   RO          750    i.EINT0_IRQHandler  drvgpio.o
    0x0000185c   0x00000024   Code   RO          751    i.EINT1_IRQHandler  drvgpio.o
    0x00001880   0x00000024   Code   RO          148    i.Forward           smpl_uart0_hc05.o
    0x000018a4   0x00000044   Code   RO          752    i.GPAB_IRQHandler   drvgpio.o
    0x000018e8   0x0000004c   Code   RO          753    i.GPCDE_IRQHandler  drvgpio.o
    0x00001934   0x00000048   Code   RO          591    i.GetUartClk        drvuart.o
    0x0000197c   0x00000094   Code   RO          149    i.InitGPIO          smpl_uart0_hc05.o
    0x00001a10   0x000001c0   Code   RO          150    i.InitPWM           smpl_uart0_hc05.o
    0x00001bd0   0x0000020c   Code   RO           61    i.Initial_panel     lcd_driver.o
    0x00001ddc   0x00000048   Code   RO          151    i.LED               smpl_uart0_hc05.o
    0x00001e24   0x00000024   Code   RO          152    i.Left              smpl_uart0_hc05.o
    0x00001e48   0x00000014   Code   RO          593    i.NVIC_EnableIRQ    drvuart.o
    0x00001e5c   0x000001ec   Code   RO          153    i.PWM_Servo         smpl_uart0_hc05.o
    0x00002048   0x00000028   Code   RO          316    i.PWRWU_IRQHandler  drvsys.o
    0x00002070   0x00000024   Code   RO          155    i.Right             smpl_uart0_hc05.o
    0x00002094   0x000000f0   Code   RO           62    i.SetPACA           lcd_driver.o
    0x00002184   0x0000000c   Code   RO          158    i.Stop_Water        smpl_uart0_hc05.o
    0x00002190   0x000000a0   Code   RO           17    i.SystemCoreClockUpdate  system_nuc1xx.o
    0x00002230   0x00000002   Code   RO           18    i.SystemInit        system_nuc1xx.o
    0x00002232   0x00000002   PAD
    0x00002234   0x0000003c   Code   RO          594    i.UART02_IRQHandler  drvuart.o
    0x00002270   0x00000020   Code   RO          595    i.UART1_IRQHandler  drvuart.o
    0x00002290   0x0000038c   Code   RO          159    i.UART_INT_HANDLE   smpl_uart0_hc05.o
    0x0000261c   0x0000000c   Code   RO          160    i.Water             smpl_uart0_hc05.o
    0x00002628   0x00000054   Code   RO           65    i.WriteData         lcd_driver.o
    0x0000267c   0x0000001c   Code   RO          244    i.__ARM_common_switch8  smpl_uart0_hc05.o
    0x00002698   0x00000028   Code   RO           66    i.clr_all_panel     lcd_driver.o
    0x000026c0   0x00000090   Code   RO          161    i.main              smpl_uart0_hc05.o
    0x00002750   0x0000002c   Code   RO         1059    locale$$code        c_p.l(lc_ctype_c.o)
    0x0000277c   0x00000010   Data   RO          317    .constdata          drvsys.o
    0x0000278c   0x00000020   Data   RO         1197    Region$$Table       anon$$obj.o
    0x000027ac   0x00000110   Data   RO         1058    locale$$data        c_p.l(lc_ctype_c.o)


    Execution Region ER_RW (Base: 0x20000000, Size: 0x000000b0, Max: 0xffffffff, ABSOLUTE)

    Base Addr    Size         Type   Attr      Idx    E Section Name        Object

    0x20000000   0x0000001c   Data   RW           19    .data               system_nuc1xx.o
    0x2000001c   0x00000010   Data   RW           69    .data               lcd_driver.o
    0x2000002c   0x00000060   Data   RW          163    .data               smpl_uart0_hc05.o
    0x2000008c   0x00000008   Data   RW          318    .data               drvsys.o
    0x20000094   0x0000000c   Data   RW          596    .data               drvuart.o
    0x200000a0   0x00000010   Data   RW          757    .data               drvgpio.o


    Execution Region ER_ZI (Base: 0x200000b0, Size: 0x000004b0, Max: 0xffffffff, ABSOLUTE)

    Base Addr    Size         Type   Attr      Idx    E Section Name        Object

    0x200000b0   0x00000049   Zero   RW          162    .bss                smpl_uart0_hc05.o
    0x200000f9   0x00000003   PAD
    0x200000fc   0x00000060   Zero   RW         1023    .bss                c_p.l(libspace.o)
    0x2000015c   0x00000004   PAD
    0x20000160   0x00000000   Zero   RW           54    HEAP                startup_nuc1xx.o
    0x20000160   0x00000400   Zero   RW           53    STACK               startup_nuc1xx.o


==============================================================================

Image component sizes


      Code (inc. data)   RO Data    RW Data    ZI Data      Debug   Object Name

         0          0          0          0          0       4244   core_cm0.o
      2320        146          0         16          0      11087   drvgpio.o
       776        106         16          8          0       9305   drvsys.o
      1328         90          0         12          0      16854   drvuart.o
       888         18          0         16          0       3101   lcd_driver.o
      2408        278          0         96         73     128827   smpl_uart0_hc05.o
       100         46        192          0       1024        728   startup_nuc1xx.o
       162         30          0         28          0     119234   system_nuc1xx.o

    ----------------------------------------------------------------------
      7984        714        240        176       1100     293380   Object Totals
         0          0         32          0          0          0   (incl. Generated)
         2          0          0          0          3          0   (incl. Padding)

    ----------------------------------------------------------------------

      Code (inc. data)   RO Data    RW Data    ZI Data      Debug   Library Member Name

         8          0          0          0          0         68   __main.o
       108          0          0          0          0         76   __printf.o
        60          8          0          0          0          0   __scatter.o
        26          0          0          0          0          0   __scatter_copy.o
        28          0          0          0          0          0   __scatter_zi.o
        30          0          0          0          0         60   _chval.o
        46          0          0          0          0        100   _printf_char.o
        48          6          0          0          0         88   _printf_char_common.o
         2          0          0          0          0          0   _printf_percent.o
         4          0          0          0          0          0   _printf_percent_end.o
        10          0          0          0          0          0   _printf_s.o
        82          0          0          0          0         72   _printf_str.o
        10          0          0          0          0         60   _sputc.o
       166          0          0          0          0         84   _strtoul.o
       346          0          0          0          0         92   aeabi_sdiv.o
        26          0          0          0          0         72   atoi.o
        12          0          0          0          0         64   exit.o
         6          0          0          0          0        136   heapauxi.o
         0          0          0          0          0          0   indicate_semi.o
        44         10        272          0          0         76   lc_ctype_c.o
         2          0          0          0          0          0   libinit.o
        24          0          0          0          0          0   libinit2.o
         2          0          0          0          0          0   libshutdown.o
         2          0          0          0          0          0   libshutdown2.o
         8          4          0          0         96         68   libspace.o
        40          4          0          0          0         84   noretval__2sprintf.o
        16          4          0          0          0         76   rt_ctype_table.o
         8          4          0          0          0         68   rt_errno_addr_intlibspace.o
         8          4          0          0          0         68   rt_locale_intlibspace.o
        64          0          0          0          0        108   rt_memclr.o
         0          0          0          0          0          0   rtentry.o
        12          0          0          0          0          0   rtentry2.o
         6          0          0          0          0          0   rtentry4.o
         2          0          0          0          0          0   rtexit.o
        10          0          0          0          0          0   rtexit2.o
       136          4          0          0          0         72   strcmp.o
        68          6          0          0          0         72   strlen.o
       160          6          0          0          0         76   strncmp.o
       108          4          0          0          0         76   strncpy.o
       112          4          0          0          0         76   strtol.o
        12          4          0          0          0         60   sys_exit.o
        62          0          0          0          0         80   sys_stackheap_outer.o
         2          0          0          0          0         68   use_no_semi.o

    ----------------------------------------------------------------------
      1932         72        272          0        100       2100   Library Totals
         6          0          0          0          4          0   (incl. Padding)

    ----------------------------------------------------------------------

      Code (inc. data)   RO Data    RW Data    ZI Data      Debug   Library Name

      1926         72        272          0         96       2100   c_p.l

    ----------------------------------------------------------------------
      1932         72        272          0        100       2100   Library Totals

    ----------------------------------------------------------------------

==============================================================================


      Code (inc. data)   RO Data    RW Data    ZI Data      Debug   

      9916        786        512        176       1200     292460   Grand Totals
      9916        786        512        176       1200     292460   ELF Image Totals
      9916        786        512        176          0          0   ROM Totals

==============================================================================

    Total RO  Size (Code + RO Data)                10428 (  10.18kB)
    Total RW  Size (RW Data + ZI Data)              1376 (   1.34kB)
    Total ROM Size (Code + RO Data + RW Data)      10604 (  10.36kB)

==============================================================================

